RVPRT_1.9 {
	global:
		memcpy;
		memmove;
		memset;
                pthread_create;
                pthread_exit;
                pthread_join;
                pthread_mutex_init;
                pthread_mutex_lock;
                pthread_mutex_trylock;
                pthread_mutex_unlock;
                pthread_sigmask;
		__rvpredict_atomic_cas1;
		__rvpredict_atomic_cas16;
		__rvpredict_atomic_cas2;
		__rvpredict_atomic_cas4;
		__rvpredict_atomic_cas8;
		__rvpredict_atomic_exchange1;
		__rvpredict_atomic_exchange2;
		__rvpredict_atomic_exchange4;
		__rvpredict_atomic_exchange8;
		__rvpredict_atomic_fetch_add1;
		__rvpredict_atomic_fetch_add2;
		__rvpredict_atomic_fetch_add4;
		__rvpredict_atomic_fetch_add8;
		__rvpredict_atomic_fetch_and4;
		__rvpredict_atomic_fetch_or4;
		__rvpredict_atomic_fetch_sub4;
		__rvpredict_atomic_fetch_sub8;
		__rvpredict_atomic_load1;
		__rvpredict_atomic_load2;
		__rvpredict_atomic_load4;
		__rvpredict_atomic_load8;
		__rvpredict_atomic_store1;
		__rvpredict_atomic_store2;
		__rvpredict_atomic_store4;
		__rvpredict_atomic_store8;
		__rvpredict_func_entry;
		__rvpredict_func_exit;
		__rvpredict_handler_wrapper;
		__rvpredict_init;
		__rvpredict_internal_memcpy;
		__rvpredict_internal_memmove;
		__rvpredict_internal_memset;
		__rvpredict_intr_disable;
		__rvpredict_intr_enable;
		__rvpredict_intr_personality_disable;
		__rvpredict_intr_personality_enable;
		__rvpredict_intr_register;
		__rvpredict_isr_fire;
		__rvpredict_load1;
		__rvpredict_load16;
		__rvpredict_load2;
		__rvpredict_load4;
		__rvpredict_load8;
		__rvpredict_memcpy;
		__rvpredict_memmove;
		__rvpredict_memmove1;
		__rvpredict_memory_order_acq_rel;
		__rvpredict_memory_order_acquire;
		__rvpredict_memory_order_relaxed;
		__rvpredict_memory_order_release;
		__rvpredict_memory_order_seq_cst;
		__rvpredict_memset;
		__rvpredict_memset1;
		__rvpredict_peek1;
		__rvpredict_peek16;
		__rvpredict_peek2;
		__rvpredict_peek4;
		__rvpredict_peek8;
		__rvpredict_poke1;
		__rvpredict_poke16;
		__rvpredict_poke2;
		__rvpredict_poke4;
		__rvpredict_poke8;
		__rvpredict_pthread_create;
		__rvpredict_pthread_exit;
		__rvpredict_pthread_join;
		__rvpredict_pthread_mutex_init;
		__rvpredict_pthread_mutex_lock;
		__rvpredict_pthread_mutex_trylock;
		__rvpredict_pthread_mutex_unlock;
		__rvpredict_pthread_sigmask;
		__rvpredict_sigaction;
		__rvpredict_signal;
		__rvpredict_sigprocmask;
		__rvpredict_sigsuspend;
		__rvpredict_splhigh;
		__rvpredict_splx;
		__rvpredict_store1;
		__rvpredict_store16;
		__rvpredict_store2;
		__rvpredict_store4;
		__rvpredict_store8;
		__rvpredict_thread_wrapper;
		__rvpredict_unaligned_load1;
		__rvpredict_unaligned_load16;
		__rvpredict_unaligned_load2;
		__rvpredict_unaligned_load4;
		__rvpredict_unaligned_load8;
		__rvpredict_unaligned_store1;
		__rvpredict_unaligned_store16;
		__rvpredict_unaligned_store2;
		__rvpredict_unaligned_store4;
		__rvpredict_unaligned_store8;
		rvp_static_intr;
		rvp_static_intr_debug;
		rvp_static_intr_fire_all;
		rvp_static_intr_interval;
		rvp_static_nassigned;
		rvp_static_nintrs;
		rvp_thread_key;
                sigaction;
                signal;
                sigprocmask;
                sigsuspend;
	local:
		*;
};

GLIBC_2.2.5 {
        global:
                pthread_cond_init;
                pthread_cond_timedwait;
                pthread_cond_signal;
                pthread_cond_wait;
        local:
                *;
};

GLIBC_2.3.2 {
        global:
                pthread_cond_init;
                pthread_cond_timedwait;
                pthread_cond_signal;
                pthread_cond_wait;
} GLIBC_2.2.5;

